

================================================================
== Vitis HLS Report for 'mem_read'
================================================================
* Date:           Tue Dec 14 11:31:16 2021

* Version:        2020.1 (Build 2902540 on Wed May 27 20:16:15 MDT 2020)
* Project:        mem_read
* Solution:       solution (Vitis Kernel Flow Target)
* Product family: virtexuplus
* Target device:  xcu280-fsvh2892-2L-e


================================================================
== Performance Estimates
================================================================
+ Timing: 
    * Summary: 
    +--------+---------+----------+------------+
    |  Clock |  Target | Estimated| Uncertainty|
    +--------+---------+----------+------------+
    |ap_clk  | 3.33 ns | 2.433 ns |   0.90 ns  |
    +--------+---------+----------+------------+

+ Latency: 
    * Summary: 
    +---------+---------+----------+-----------+-----+------+---------+
    |  Latency (cycles) |  Latency (absolute)  |  Interval  | Pipeline|
    |   min   |   max   |    min   |    max    | min |  max |   Type  |
    +---------+---------+----------+-----------+-----+------+---------+
    |        1|     3273| 3.333 ns | 10.909 us |    2|  3274|   none  |
    +---------+---------+----------+-----------+-----+------+---------+

    + Detail: 
        * Instance: 
        N/A

        * Loop: 
        +------------------+---------+---------+----------+-----------+-----------+-----------+----------+
        |                  |  Latency (cycles) | Iteration|  Initiation Interval  |    Trip   |          |
        |     Loop Name    |   min   |   max   |  Latency |  achieved |   target  |   Count   | Pipelined|
        +------------------+---------+---------+----------+-----------+-----------+-----------+----------+
        |- VITIS_LOOP_7_1  |       33|     3201|         3|          1|          1| 32 ~ 3200 |    yes   |
        +------------------+---------+---------+----------+-----------+-----------+-----------+----------+



================================================================
== Utilization Estimates
================================================================
* Summary: 
+---------------------+---------+------+---------+---------+-----+
|         Name        | BRAM_18K|  DSP |    FF   |   LUT   | URAM|
+---------------------+---------+------+---------+---------+-----+
|DSP                  |        -|     -|        -|        -|    -|
|Expression           |        -|     -|        0|      104|    -|
|FIFO                 |        -|     -|        -|        -|    -|
|Instance             |        2|     -|      692|      932|    -|
|Memory               |        -|     -|        -|        -|    -|
|Multiplexer          |        -|     -|        -|      392|    -|
|Register             |        -|     -|      210|        -|    -|
+---------------------+---------+------+---------+---------+-----+
|Total                |        2|     0|      902|     1428|    0|
+---------------------+---------+------+---------+---------+-----+
|Available SLR        |     1344|  3008|   869120|   434560|  320|
+---------------------+---------+------+---------+---------+-----+
|Utilization SLR (%)  |    ~0   |     0|    ~0   |    ~0   |    0|
+---------------------+---------+------+---------+---------+-----+
|Available            |     4032|  9024|  2607360|  1303680|  960|
+---------------------+---------+------+---------+---------+-----+
|Utilization (%)      |    ~0   |     0|    ~0   |    ~0   |    0|
+---------------------+---------+------+---------+---------+-----+

+ Detail: 
    * Instance: 
    +-----------------+---------------+---------+----+-----+-----+-----+
    |     Instance    |     Module    | BRAM_18K| DSP|  FF | LUT | URAM|
    +-----------------+---------------+---------+----+-----+-----+-----+
    |control_s_axi_U  |control_s_axi  |        0|   0|  144|  232|    0|
    |gmem_m_axi_U     |gmem_m_axi     |        2|   0|  548|  700|    0|
    +-----------------+---------------+---------+----+-----+-----+-----+
    |Total            |               |        2|   0|  692|  932|    0|
    +-----------------+---------------+---------+----+-----+-----+-----+

    * DSP: 
    N/A

    * Memory: 
    N/A

    * FIFO: 
    N/A

    * Expression: 
    +-----------------------------------+----------+----+---+----+------------+------------+
    |           Variable Name           | Operation| DSP| FF| LUT| Bitwidth P0| Bitwidth P1|
    +-----------------------------------+----------+----+---+----+------------+------------+
    |add_ln7_fu_140_p2                  |     +    |   0|  0|  38|          31|           1|
    |ap_block_pp0_stage0_01001          |    and   |   0|  0|   2|           1|           1|
    |ap_block_state73_io                |    and   |   0|  0|   2|           1|           1|
    |ap_block_state73_pp0_stage0_iter1  |    and   |   0|  0|   2|           1|           1|
    |ap_block_state74_io                |    and   |   0|  0|   2|           1|           1|
    |ap_ext_blocking_cur_n              |    and   |   0|  0|   2|           1|           1|
    |ap_ext_blocking_n                  |    and   |   0|  0|   2|           1|           2|
    |ap_int_blocking_n                  |    and   |   0|  0|   2|           2|           2|
    |ap_str_blocking_cur_n              |    and   |   0|  0|   2|           1|           0|
    |ap_str_blocking_n                  |    and   |   0|  0|   2|           1|           2|
    |icmp_ln7_1_fu_135_p2               |   icmp   |   0|  0|  20|          31|          31|
    |icmp_ln7_fu_120_p2                 |   icmp   |   0|  0|  20|          32|           1|
    |ap_block_pp0_stage0_11001          |    or    |   0|  0|   2|           1|           1|
    |ap_block_state1                    |    or    |   0|  0|   2|           1|           1|
    |ap_enable_pp0                      |    xor   |   0|  0|   2|           1|           2|
    |ap_enable_reg_pp0_iter1            |    xor   |   0|  0|   2|           2|           1|
    +-----------------------------------+----------+----+---+----+------------+------------+
    |Total                              |          |   0|  0| 104|         109|          49|
    +-----------------------------------+----------+----+---+----+------------+------------+

    * Multiplexer: 
    +-------------------------+-----+-----------+-----+-----------+
    |           Name          | LUT | Input Size| Bits| Total Bits|
    +-------------------------+-----+-----------+-----+-----------+
    |ap_NS_fsm                |  329|         74|    1|         74|
    |ap_done                  |    9|          2|    1|          2|
    |ap_enable_reg_pp0_iter1  |    9|          2|    1|          2|
    |ap_enable_reg_pp0_iter2  |    9|          2|    1|          2|
    |gmem_blk_n_AR            |    9|          2|    1|          2|
    |gmem_blk_n_R             |    9|          2|    1|          2|
    |i_reg_109                |    9|          2|   31|         62|
    |stream_V_TDATA_blk_n     |    9|          2|    1|          2|
    +-------------------------+-----+-----------+-----+-----------+
    |Total                    |  392|         88|   38|        148|
    +-------------------------+-----+-----------+-----+-----------+

    * Register: 
    +----------------------------------+----+----+-----+-----------+
    |               Name               | FF | LUT| Bits| Const Bits|
    +----------------------------------+----+----+-----+-----------+
    |ap_CS_fsm                         |  73|   0|   73|          0|
    |ap_done_reg                       |   1|   0|    1|          0|
    |ap_enable_reg_pp0_iter0           |   1|   0|    1|          0|
    |ap_enable_reg_pp0_iter1           |   1|   0|    1|          0|
    |ap_enable_reg_pp0_iter2           |   1|   0|    1|          0|
    |ap_ext_blocking_n_reg             |   1|   0|    1|          0|
    |ap_int_blocking_n_reg             |   0|   0|    1|          1|
    |ap_rst_n_inv                      |   1|   0|    1|          0|
    |ap_rst_reg_1                      |   1|   0|    1|          0|
    |ap_rst_reg_2                      |   1|   0|    1|          0|
    |ap_str_blocking_n_reg             |   1|   0|    1|          0|
    |gmem_addr_reg_156                 |  64|   0|   64|          0|
    |i_reg_109                         |  31|   0|   31|          0|
    |icmp_ln7_1_reg_167                |   1|   0|    1|          0|
    |icmp_ln7_1_reg_167_pp0_iter1_reg  |   1|   0|    1|          0|
    |trunc_ln7_reg_162                 |  31|   0|   31|          0|
    +----------------------------------+----+----+-----+-----------+
    |Total                             | 210|   0|  211|          1|
    +----------------------------------+----+----+-----+-----------+



================================================================
== Interface
================================================================
* Summary: 
+-----------------------+-----+-----+---------------+--------------+--------------+
|       RTL Ports       | Dir | Bits|    Protocol   | Source Object|    C Type    |
+-----------------------+-----+-----+---------------+--------------+--------------+
|s_axi_control_AWVALID  |  in |    1|     s_axi     |    control   |  return void |
|s_axi_control_AWREADY  | out |    1|     s_axi     |    control   |  return void |
|s_axi_control_AWADDR   |  in |    6|     s_axi     |    control   |  return void |
|s_axi_control_WVALID   |  in |    1|     s_axi     |    control   |  return void |
|s_axi_control_WREADY   | out |    1|     s_axi     |    control   |  return void |
|s_axi_control_WDATA    |  in |   32|     s_axi     |    control   |  return void |
|s_axi_control_WSTRB    |  in |    4|     s_axi     |    control   |  return void |
|s_axi_control_ARVALID  |  in |    1|     s_axi     |    control   |  return void |
|s_axi_control_ARREADY  | out |    1|     s_axi     |    control   |  return void |
|s_axi_control_ARADDR   |  in |    6|     s_axi     |    control   |  return void |
|s_axi_control_RVALID   | out |    1|     s_axi     |    control   |  return void |
|s_axi_control_RREADY   |  in |    1|     s_axi     |    control   |  return void |
|s_axi_control_RDATA    | out |   32|     s_axi     |    control   |  return void |
|s_axi_control_RRESP    | out |    2|     s_axi     |    control   |  return void |
|s_axi_control_BVALID   | out |    1|     s_axi     |    control   |  return void |
|s_axi_control_BREADY   |  in |    1|     s_axi     |    control   |  return void |
|s_axi_control_BRESP    | out |    2|     s_axi     |    control   |  return void |
|ap_clk                 |  in |    1| ap_ctrl_chain |   mem_read   | return value |
|ap_rst_n               |  in |    1| ap_ctrl_chain |   mem_read   | return value |
|event_done             | out |    1| ap_ctrl_chain |   mem_read   | return value |
|interrupt              | out |    1| ap_ctrl_chain |   mem_read   | return value |
|event_start            | out |    1| ap_ctrl_chain |   mem_read   | return value |
|stall_start_ext        | out |    1| ap_ctrl_chain |   mem_read   | return value |
|stall_done_ext         | out |    1| ap_ctrl_chain |   mem_read   | return value |
|stall_start_str        | out |    1| ap_ctrl_chain |   mem_read   | return value |
|stall_done_str         | out |    1| ap_ctrl_chain |   mem_read   | return value |
|stall_start_int        | out |    1| ap_ctrl_chain |   mem_read   | return value |
|stall_done_int         | out |    1| ap_ctrl_chain |   mem_read   | return value |
|m_axi_gmem_AWVALID     | out |    1|     m_axi     |     gmem     |    pointer   |
|m_axi_gmem_AWREADY     |  in |    1|     m_axi     |     gmem     |    pointer   |
|m_axi_gmem_AWADDR      | out |   64|     m_axi     |     gmem     |    pointer   |
|m_axi_gmem_AWID        | out |    1|     m_axi     |     gmem     |    pointer   |
|m_axi_gmem_AWLEN       | out |    8|     m_axi     |     gmem     |    pointer   |
|m_axi_gmem_AWSIZE      | out |    3|     m_axi     |     gmem     |    pointer   |
|m_axi_gmem_AWBURST     | out |    2|     m_axi     |     gmem     |    pointer   |
|m_axi_gmem_AWLOCK      | out |    2|     m_axi     |     gmem     |    pointer   |
|m_axi_gmem_AWCACHE     | out |    4|     m_axi     |     gmem     |    pointer   |
|m_axi_gmem_AWPROT      | out |    3|     m_axi     |     gmem     |    pointer   |
|m_axi_gmem_AWQOS       | out |    4|     m_axi     |     gmem     |    pointer   |
|m_axi_gmem_AWREGION    | out |    4|     m_axi     |     gmem     |    pointer   |
|m_axi_gmem_AWUSER      | out |    1|     m_axi     |     gmem     |    pointer   |
|m_axi_gmem_WVALID      | out |    1|     m_axi     |     gmem     |    pointer   |
|m_axi_gmem_WREADY      |  in |    1|     m_axi     |     gmem     |    pointer   |
|m_axi_gmem_WDATA       | out |   32|     m_axi     |     gmem     |    pointer   |
|m_axi_gmem_WSTRB       | out |    4|     m_axi     |     gmem     |    pointer   |
|m_axi_gmem_WLAST       | out |    1|     m_axi     |     gmem     |    pointer   |
|m_axi_gmem_WID         | out |    1|     m_axi     |     gmem     |    pointer   |
|m_axi_gmem_WUSER       | out |    1|     m_axi     |     gmem     |    pointer   |
|m_axi_gmem_ARVALID     | out |    1|     m_axi     |     gmem     |    pointer   |
|m_axi_gmem_ARREADY     |  in |    1|     m_axi     |     gmem     |    pointer   |
|m_axi_gmem_ARADDR      | out |   64|     m_axi     |     gmem     |    pointer   |
|m_axi_gmem_ARID        | out |    1|     m_axi     |     gmem     |    pointer   |
|m_axi_gmem_ARLEN       | out |    8|     m_axi     |     gmem     |    pointer   |
|m_axi_gmem_ARSIZE      | out |    3|     m_axi     |     gmem     |    pointer   |
|m_axi_gmem_ARBURST     | out |    2|     m_axi     |     gmem     |    pointer   |
|m_axi_gmem_ARLOCK      | out |    2|     m_axi     |     gmem     |    pointer   |
|m_axi_gmem_ARCACHE     | out |    4|     m_axi     |     gmem     |    pointer   |
|m_axi_gmem_ARPROT      | out |    3|     m_axi     |     gmem     |    pointer   |
|m_axi_gmem_ARQOS       | out |    4|     m_axi     |     gmem     |    pointer   |
|m_axi_gmem_ARREGION    | out |    4|     m_axi     |     gmem     |    pointer   |
|m_axi_gmem_ARUSER      | out |    1|     m_axi     |     gmem     |    pointer   |
|m_axi_gmem_RVALID      |  in |    1|     m_axi     |     gmem     |    pointer   |
|m_axi_gmem_RREADY      | out |    1|     m_axi     |     gmem     |    pointer   |
|m_axi_gmem_RDATA       |  in |   32|     m_axi     |     gmem     |    pointer   |
|m_axi_gmem_RLAST       |  in |    1|     m_axi     |     gmem     |    pointer   |
|m_axi_gmem_RID         |  in |    1|     m_axi     |     gmem     |    pointer   |
|m_axi_gmem_RUSER       |  in |    1|     m_axi     |     gmem     |    pointer   |
|m_axi_gmem_RRESP       |  in |    2|     m_axi     |     gmem     |    pointer   |
|m_axi_gmem_BVALID      |  in |    1|     m_axi     |     gmem     |    pointer   |
|m_axi_gmem_BREADY      | out |    1|     m_axi     |     gmem     |    pointer   |
|m_axi_gmem_BRESP       |  in |    2|     m_axi     |     gmem     |    pointer   |
|m_axi_gmem_BID         |  in |    1|     m_axi     |     gmem     |    pointer   |
|m_axi_gmem_BUSER       |  in |    1|     m_axi     |     gmem     |    pointer   |
|stream_V_TDATA         | out |    8|      axis     |   stream_V   |    pointer   |
|stream_V_TVALID        | out |    1|      axis     |   stream_V   |    pointer   |
|stream_V_TREADY        |  in |    1|      axis     |   stream_V   |    pointer   |
+-----------------------+-----+-----+---------------+--------------+--------------+

