

================================================================
== Vivado HLS Report for 'example_stream_plus1_512_512_s'
================================================================
* Date:           Sun Dec  5 19:08:57 2021

* Version:        2020.1 (Build 2897737 on Wed May 27 20:21:37 MDT 2020)
* Project:        prj
* Solution:       sol
* Product family: virtexuplus
* Target device:  xcu280-fsvh2892-2L-e


================================================================
== Performance Estimates
================================================================
+ Timing: 
    * Summary: 
    +--------+----------+----------+------------+
    |  Clock |  Target  | Estimated| Uncertainty|
    +--------+----------+----------+------------+
    |ap_clk  | 10.00 ns | 0.880 ns |   1.25 ns  |
    +--------+----------+----------+------------+

+ Latency: 
    * Summary: 
    +---------+---------+----------+----------+-----+-----+---------+
    |  Latency (cycles) |  Latency (absolute) |  Interval | Pipeline|
    |   min   |   max   |    min   |    max   | min | max |   Type  |
    +---------+---------+----------+----------+-----+-----+---------+
    |        ?|        ?|         ?|         ?|    ?|    ?|   none  |
    +---------+---------+----------+----------+-----+-----+---------+

    + Detail: 
        * Instance: 
        +-----------------------------------------+------------------------+---------+---------+----------+----------+-----+-----+----------+
        |                                         |                        |  Latency (cycles) |  Latency (absolute) |  Interval | Pipeline |
        |                 Instance                |         Module         |   min   |   max   |    min   |    max   | min | max |   Type   |
        +-----------------------------------------+------------------------+---------+---------+----------+----------+-----+-----+----------+
        |call_ln100_write_stream_512_512_s_fu_98  |write_stream_512_512_s  |        0|        0|   0 ns   |   0 ns   |    1|    1| function |
        |call_ret_read_stream_512_512_s_fu_111    |read_stream_512_512_s   |        0|        0|   0 ns   |   0 ns   |    1|    1| function |
        +-----------------------------------------+------------------------+---------+---------+----------+----------+-----+-----+----------+

        * Loop: 
        +----------+---------+---------+----------+-----------+-----------+------+----------+
        |          |  Latency (cycles) | Iteration|  Initiation Interval  | Trip |          |
        | Loop Name|   min   |   max   |  Latency |  achieved |   target  | Count| Pipelined|
        +----------+---------+---------+----------+-----------+-----------+------+----------+
        |- Loop 1  |        ?|        ?|         2|          2|          1|     ?|    yes   |
        +----------+---------+---------+----------+-----------+-----------+------+----------+



================================================================
== Utilization Estimates
================================================================
* Summary: 
+---------------------+---------+-------+---------+---------+-----+
|         Name        | BRAM_18K| DSP48E|    FF   |   LUT   | URAM|
+---------------------+---------+-------+---------+---------+-----+
|DSP                  |        -|      -|        -|        -|    -|
|Expression           |        -|      -|        0|      628|    -|
|FIFO                 |        -|      -|        -|        -|    -|
|Instance             |        -|      -|        2|       20|    -|
|Memory               |        -|      -|        -|        -|    -|
|Multiplexer          |        -|      -|        -|       54|    -|
|Register             |        -|      -|        4|        -|    -|
+---------------------+---------+-------+---------+---------+-----+
|Total                |        0|      0|        6|      702|    0|
+---------------------+---------+-------+---------+---------+-----+
|Available SLR        |     1344|   3008|   869120|   434560|  320|
+---------------------+---------+-------+---------+---------+-----+
|Utilization SLR (%)  |        0|      0|    ~0   |    ~0   |    0|
+---------------------+---------+-------+---------+---------+-----+
|Available            |     4032|   9024|  2607360|  1303680|  960|
+---------------------+---------+-------+---------+---------+-----+
|Utilization (%)      |        0|      0|    ~0   |    ~0   |    0|
+---------------------+---------+-------+---------+---------+-----+

+ Detail: 
    * Instance: 
    +-----------------------------------------+------------------------+---------+-------+---+----+-----+
    |                 Instance                |         Module         | BRAM_18K| DSP48E| FF| LUT| URAM|
    +-----------------------------------------+------------------------+---------+-------+---+----+-----+
    |call_ret_read_stream_512_512_s_fu_111    |read_stream_512_512_s   |        0|      0|  1|  11|    0|
    |call_ln100_write_stream_512_512_s_fu_98  |write_stream_512_512_s  |        0|      0|  1|   9|    0|
    +-----------------------------------------+------------------------+---------+-------+---+----+-----+
    |Total                                    |                        |        0|      0|  2|  20|    0|
    +-----------------------------------------+------------------------+---------+-------+---+----+-----+

    * DSP48E: 
    N/A

    * Memory: 
    N/A

    * FIFO: 
    N/A

    * Expression: 
    +-------------------------------------------------------+----------+-------+---+----+------------+------------+
    |                     Variable Name                     | Operation| DSP48E| FF| LUT| Bitwidth P0| Bitwidth P1|
    +-------------------------------------------------------+----------+-------+---+----+------------+------------+
    |add_ln215_10_fu_299_p2                                 |     +    |      0|  0|  39|           1|          32|
    |add_ln215_11_fu_315_p2                                 |     +    |      0|  0|  39|           1|          32|
    |add_ln215_12_fu_331_p2                                 |     +    |      0|  0|  39|           1|          32|
    |add_ln215_13_fu_347_p2                                 |     +    |      0|  0|  39|           1|          32|
    |add_ln215_14_fu_363_p2                                 |     +    |      0|  0|  39|           1|          32|
    |add_ln215_15_fu_379_p2                                 |     +    |      0|  0|  39|           1|          32|
    |add_ln215_1_fu_155_p2                                  |     +    |      0|  0|  39|           1|          32|
    |add_ln215_2_fu_171_p2                                  |     +    |      0|  0|  39|           1|          32|
    |add_ln215_3_fu_187_p2                                  |     +    |      0|  0|  39|           1|          32|
    |add_ln215_4_fu_203_p2                                  |     +    |      0|  0|  39|           1|          32|
    |add_ln215_5_fu_219_p2                                  |     +    |      0|  0|  39|           1|          32|
    |add_ln215_6_fu_235_p2                                  |     +    |      0|  0|  39|           1|          32|
    |add_ln215_7_fu_251_p2                                  |     +    |      0|  0|  39|           1|          32|
    |add_ln215_8_fu_267_p2                                  |     +    |      0|  0|  39|           1|          32|
    |add_ln215_9_fu_283_p2                                  |     +    |      0|  0|  39|           1|          32|
    |add_ln215_fu_139_p2                                    |     +    |      0|  0|  39|           1|          32|
    |call_ln100_write_stream_512_512_s_fu_98_axis00_TREADY  |    and   |      0|  0|   2|           1|           1|
    |ap_block_state3                                        |    or    |      0|  0|   2|           1|           1|
    +-------------------------------------------------------+----------+-------+---+----+------------+------------+
    |Total                                                  |          |      0|  0| 628|          18|         514|
    +-------------------------------------------------------+----------+-------+---+----+------------+------------+

    * Multiplexer: 
    +--------------------+----+-----------+-----+-----------+
    |        Name        | LUT| Input Size| Bits| Total Bits|
    +--------------------+----+-----------+-----+-----------+
    |ap_NS_fsm           |  27|          5|    1|          5|
    |axis00_TDATA_blk_n  |   9|          2|    1|          2|
    |axis01_TDATA_blk_n  |   9|          2|    1|          2|
    |axis01_TREADY       |   9|          2|    1|          2|
    +--------------------+----+-----------+-----+-----------+
    |Total               |  54|         11|    4|         11|
    +--------------------+----+-----------+-----+-----------+

    * Register: 
    +-----------+---+----+-----+-----------+
    |    Name   | FF| LUT| Bits| Const Bits|
    +-----------+---+----+-----+-----------+
    |ap_CS_fsm  |  4|   0|    4|          0|
    +-----------+---+----+-----+-----------+
    |Total      |  4|   0|    4|          0|
    +-----------+---+----+-----+-----------+



================================================================
== Interface
================================================================
* Summary: 
+---------------+-----+-----+------------+--------------------------------+--------------+
|   RTL Ports   | Dir | Bits|  Protocol  |          Source Object         |    C Type    |
+---------------+-----+-----+------------+--------------------------------+--------------+
|ap_clk         |  in |    1| ap_ctrl_hs | example_stream_plus1<512, 512> | return value |
|ap_rst         |  in |    1| ap_ctrl_hs | example_stream_plus1<512, 512> | return value |
|ap_start       |  in |    1| ap_ctrl_hs | example_stream_plus1<512, 512> | return value |
|ap_done        | out |    1| ap_ctrl_hs | example_stream_plus1<512, 512> | return value |
|ap_idle        | out |    1| ap_ctrl_hs | example_stream_plus1<512, 512> | return value |
|ap_ready       | out |    1| ap_ctrl_hs | example_stream_plus1<512, 512> | return value |
|axis01_TDATA   |  in |  512|    axis    |         s_axis_V_data_V        |    pointer   |
|axis01_TVALID  |  in |    1|    axis    |         s_axis_V_last_V        |    pointer   |
|axis01_TREADY  | out |    1|    axis    |         s_axis_V_last_V        |    pointer   |
|axis01_TLAST   |  in |    1|    axis    |         s_axis_V_last_V        |    pointer   |
|axis01_TKEEP   |  in |   64|    axis    |         s_axis_V_keep_V        |    pointer   |
|axis00_TDATA   | out |  512|    axis    |         m_axis_V_data_V        |    pointer   |
|axis00_TVALID  | out |    1|    axis    |         m_axis_V_last_V        |    pointer   |
|axis00_TREADY  |  in |    1|    axis    |         m_axis_V_last_V        |    pointer   |
|axis00_TLAST   | out |    1|    axis    |         m_axis_V_last_V        |    pointer   |
|axis00_TKEEP   | out |   64|    axis    |         m_axis_V_keep_V        |    pointer   |
+---------------+-----+-----+------------+--------------------------------+--------------+

