

================================================================
== Vivado HLS Report for 'example_stream_plus1_32_256_s'
================================================================
* Date:           Thu Dec  9 11:54:37 2021

* Version:        2020.1 (Build 2897737 on Wed May 27 20:21:37 MDT 2020)
* Project:        prj
* Solution:       sol
* Product family: virtexuplus
* Target device:  xcu280-fsvh2892-2L-e


================================================================
== Performance Estimates
================================================================
+ Timing: 
    * Summary: 
    +--------+----------+----------+------------+
    |  Clock |  Target  | Estimated| Uncertainty|
    +--------+----------+----------+------------+
    |ap_clk  | 10.00 ns | 1.590 ns |   1.25 ns  |
    +--------+----------+----------+------------+

+ Latency: 
    * Summary: 
    +---------+---------+----------+----------+-----+-----+---------+
    |  Latency (cycles) |  Latency (absolute) |  Interval | Pipeline|
    |   min   |   max   |    min   |    max   | min | max |   Type  |
    +---------+---------+----------+----------+-----+-----+---------+
    |        ?|        ?|         ?|         ?|    ?|    ?|   none  |
    +---------+---------+----------+----------+-----+-----+---------+

    + Detail: 
        * Instance: 
        +-----------------------------------------+------------------------+---------+---------+-----------+-----------+-----+-----+----------+
        |                                         |                        |  Latency (cycles) |   Latency (absolute)  |  Interval | Pipeline |
        |                 Instance                |         Module         |   min   |   max   |    min    |    max    | min | max |   Type   |
        +-----------------------------------------+------------------------+---------+---------+-----------+-----------+-----+-----+----------+
        |grp_read_stream_32_256_s_fu_70           |read_stream_32_256_s    |        7|        7| 70.000 ns | 70.000 ns |    8|    8| function |
        |call_ln100_write_stream_256_256_s_fu_81  |write_stream_256_256_s  |        0|        0|    0 ns   |    0 ns   |    1|    1| function |
        +-----------------------------------------+------------------------+---------+---------+-----------+-----------+-----+-----+----------+

        * Loop: 
        +----------+---------+---------+----------+-----------+-----------+------+----------+
        |          |  Latency (cycles) | Iteration|  Initiation Interval  | Trip |          |
        | Loop Name|   min   |   max   |  Latency |  achieved |   target  | Count| Pipelined|
        +----------+---------+---------+----------+-----------+-----------+------+----------+
        |- Loop 1  |        ?|        ?|         9|          9|          1|     ?|    yes   |
        +----------+---------+---------+----------+-----------+-----------+------+----------+



================================================================
== Utilization Estimates
================================================================
* Summary: 
+---------------------+---------+-------+---------+---------+-----+
|         Name        | BRAM_18K| DSP48E|    FF   |   LUT   | URAM|
+---------------------+---------+-------+---------+---------+-----+
|DSP                  |        -|      -|        -|        -|    -|
|Expression           |        -|      -|        0|      316|    -|
|FIFO                 |        -|      -|        -|        -|    -|
|Instance             |        -|      -|     2093|      224|    -|
|Memory               |        -|      -|        -|        -|    -|
|Multiplexer          |        -|      -|        -|       80|    -|
|Register             |        -|      -|      268|        -|    -|
+---------------------+---------+-------+---------+---------+-----+
|Total                |        0|      0|     2361|      620|    0|
+---------------------+---------+-------+---------+---------+-----+
|Available SLR        |     1344|   3008|   869120|   434560|  320|
+---------------------+---------+-------+---------+---------+-----+
|Utilization SLR (%)  |        0|      0|    ~0   |    ~0   |    0|
+---------------------+---------+-------+---------+---------+-----+
|Available            |     4032|   9024|  2607360|  1303680|  960|
+---------------------+---------+-------+---------+---------+-----+
|Utilization (%)      |        0|      0|    ~0   |    ~0   |    0|
+---------------------+---------+-------+---------+---------+-----+

+ Detail: 
    * Instance: 
    +-----------------------------------------+------------------------+---------+-------+------+-----+-----+
    |                 Instance                |         Module         | BRAM_18K| DSP48E|  FF  | LUT | URAM|
    +-----------------------------------------+------------------------+---------+-------+------+-----+-----+
    |grp_read_stream_32_256_s_fu_70           |read_stream_32_256_s    |        0|      0|  2092|  215|    0|
    |call_ln100_write_stream_256_256_s_fu_81  |write_stream_256_256_s  |        0|      0|     1|    9|    0|
    +-----------------------------------------+------------------------+---------+-------+------+-----+-----+
    |Total                                    |                        |        0|      0|  2093|  224|    0|
    +-----------------------------------------+------------------------+---------+-------+------+-----+-----+

    * DSP48E: 
    N/A

    * Memory: 
    N/A

    * FIFO: 
    N/A

    * Expression: 
    +-------------------------------------------------------+----------+-------+---+----+------------+------------+
    |                     Variable Name                     | Operation| DSP48E| FF| LUT| Bitwidth P0| Bitwidth P1|
    +-------------------------------------------------------+----------+-------+---+----+------------+------------+
    |add_ln215_1_fu_132_p2                                  |     +    |      0|  0|  39|           1|          32|
    |add_ln215_2_fu_148_p2                                  |     +    |      0|  0|  39|           1|          32|
    |add_ln215_3_fu_164_p2                                  |     +    |      0|  0|  39|           1|          32|
    |add_ln215_4_fu_180_p2                                  |     +    |      0|  0|  39|           1|          32|
    |add_ln215_5_fu_196_p2                                  |     +    |      0|  0|  39|           1|          32|
    |add_ln215_6_fu_212_p2                                  |     +    |      0|  0|  39|           1|          32|
    |add_ln215_7_fu_228_p2                                  |     +    |      0|  0|  39|           1|          32|
    |add_ln215_fu_116_p2                                    |     +    |      0|  0|  39|           1|          32|
    |call_ln100_write_stream_256_256_s_fu_81_axis00_TREADY  |    and   |      0|  0|   2|           1|           1|
    |ap_block_state10                                       |    or    |      0|  0|   2|           1|           1|
    +-------------------------------------------------------+----------+-------+---+----+------------+------------+
    |Total                                                  |          |      0|  0| 316|          10|         258|
    +-------------------------------------------------------+----------+-------+---+----+------------+------------+

    * Multiplexer: 
    +--------------------+----+-----------+-----+-----------+
    |        Name        | LUT| Input Size| Bits| Total Bits|
    +--------------------+----+-----------+-----+-----------+
    |ap_NS_fsm           |  53|         12|    1|         12|
    |axis00_TDATA_blk_n  |   9|          2|    1|          2|
    |axis01_TDATA_blk_n  |   9|          2|    1|          2|
    |axis01_TREADY       |   9|          2|    1|          2|
    +--------------------+----+-----------+-----+-----------+
    |Total               |  80|         18|    4|         18|
    +--------------------+----+-----------+-----+-----------+

    * Register: 
    +---------------------------------------------+-----+----+-----+-----------+
    |                     Name                    |  FF | LUT| Bits| Const Bits|
    +---------------------------------------------+-----+----+-----+-----------+
    |acc_data_V_2_fu_66                           |  256|   0|  256|          0|
    |ap_CS_fsm                                    |   11|   0|   11|          0|
    |grp_read_stream_32_256_s_fu_70_ap_start_reg  |    1|   0|    1|          0|
    +---------------------------------------------+-----+----+-----+-----------+
    |Total                                        |  268|   0|  268|          0|
    +---------------------------------------------+-----+----+-----+-----------+



================================================================
== Interface
================================================================
* Summary: 
+---------------+-----+-----+------------+-------------------------------+--------------+
|   RTL Ports   | Dir | Bits|  Protocol  |         Source Object         |    C Type    |
+---------------+-----+-----+------------+-------------------------------+--------------+
|ap_clk         |  in |    1| ap_ctrl_hs | example_stream_plus1<32, 256> | return value |
|ap_rst         |  in |    1| ap_ctrl_hs | example_stream_plus1<32, 256> | return value |
|ap_start       |  in |    1| ap_ctrl_hs | example_stream_plus1<32, 256> | return value |
|ap_done        | out |    1| ap_ctrl_hs | example_stream_plus1<32, 256> | return value |
|ap_idle        | out |    1| ap_ctrl_hs | example_stream_plus1<32, 256> | return value |
|ap_ready       | out |    1| ap_ctrl_hs | example_stream_plus1<32, 256> | return value |
|axis01_TDATA   |  in |   32|    axis    |        s_axis_V_data_V        |    pointer   |
|axis01_TVALID  |  in |    1|    axis    |        s_axis_V_last_V        |    pointer   |
|axis01_TREADY  | out |    1|    axis    |        s_axis_V_last_V        |    pointer   |
|axis01_TLAST   |  in |    1|    axis    |        s_axis_V_last_V        |    pointer   |
|axis01_TKEEP   |  in |    4|    axis    |        s_axis_V_keep_V        |    pointer   |
|axis00_TDATA   | out |  256|    axis    |        m_axis_V_data_V        |    pointer   |
|axis00_TVALID  | out |    1|    axis    |        m_axis_V_last_V        |    pointer   |
|axis00_TREADY  |  in |    1|    axis    |        m_axis_V_last_V        |    pointer   |
|axis00_TLAST   | out |    1|    axis    |        m_axis_V_last_V        |    pointer   |
|axis00_TKEEP   | out |   32|    axis    |        m_axis_V_keep_V        |    pointer   |
+---------------+-----+-----+------------+-------------------------------+--------------+

