

================================================================
== Vivado HLS Report for 'finn_rtl_krnl_final'
================================================================
* Date:           Thu Dec  9 11:54:38 2021

* Version:        2020.1 (Build 2897737 on Wed May 27 20:21:37 MDT 2020)
* Project:        prj
* Solution:       sol
* Product family: virtexuplus
* Target device:  xcu280-fsvh2892-2L-e


================================================================
== Performance Estimates
================================================================
+ Timing: 
    * Summary: 
    +--------+----------+----------+------------+
    |  Clock |  Target  | Estimated| Uncertainty|
    +--------+----------+----------+------------+
    |ap_clk  | 10.00 ns | 1.590 ns |   1.25 ns  |
    +--------+----------+----------+------------+

+ Latency: 
    * Summary: 
    +---------+---------+----------+----------+-----+-----+---------+
    |  Latency (cycles) |  Latency (absolute) |  Interval | Pipeline|
    |   min   |   max   |    min   |    max   | min | max |   Type  |
    +---------+---------+----------+----------+-----+-----+---------+
    |        ?|        ?|         ?|         ?|    ?|    ?|   none  |
    +---------+---------+----------+----------+-----+-----+---------+

    + Detail: 
        * Instance: 
        +-----------------------------------------+-------------------------------+---------+---------+----------+----------+-----+-----+---------+
        |                                         |                               |  Latency (cycles) |  Latency (absolute) |  Interval | Pipeline|
        |                 Instance                |             Module            |   min   |   max   |    min   |    max   | min | max |   Type  |
        +-----------------------------------------+-------------------------------+---------+---------+----------+----------+-----+-----+---------+
        |grp_example_stream_plus1_32_256_s_fu_38  |example_stream_plus1_32_256_s  |        ?|        ?|         ?|         ?|    ?|    ?|   none  |
        +-----------------------------------------+-------------------------------+---------+---------+----------+----------+-----+-----+---------+

        * Loop: 
        N/A



================================================================
== Utilization Estimates
================================================================
* Summary: 
+---------------------+---------+-------+---------+---------+-----+
|         Name        | BRAM_18K| DSP48E|    FF   |   LUT   | URAM|
+---------------------+---------+-------+---------+---------+-----+
|DSP                  |        -|      -|        -|        -|    -|
|Expression           |        -|      -|        0|        2|    -|
|FIFO                 |        -|      -|        -|        -|    -|
|Instance             |        0|      -|     2397|      660|    -|
|Memory               |        -|      -|        -|        -|    -|
|Multiplexer          |        -|      -|        -|       36|    -|
|Register             |        -|      -|        8|        -|    -|
+---------------------+---------+-------+---------+---------+-----+
|Total                |        0|      0|     2405|      698|    0|
+---------------------+---------+-------+---------+---------+-----+
|Available SLR        |     1344|   3008|   869120|   434560|  320|
+---------------------+---------+-------+---------+---------+-----+
|Utilization SLR (%)  |        0|      0|    ~0   |    ~0   |    0|
+---------------------+---------+-------+---------+---------+-----+
|Available            |     4032|   9024|  2607360|  1303680|  960|
+---------------------+---------+-------+---------+---------+-----+
|Utilization (%)      |        0|      0|    ~0   |    ~0   |    0|
+---------------------+---------+-------+---------+---------+-----+

+ Detail: 
    * Instance: 
    +-----------------------------------------+-----------------------------------+---------+-------+------+-----+-----+
    |                 Instance                |               Module              | BRAM_18K| DSP48E|  FF  | LUT | URAM|
    +-----------------------------------------+-----------------------------------+---------+-------+------+-----+-----+
    |grp_example_stream_plus1_32_256_s_fu_38  |example_stream_plus1_32_256_s      |        0|      0|  2361|  620|    0|
    |finn_rtl_krnl_final_control_s_axi_U      |finn_rtl_krnl_final_control_s_axi  |        0|      0|    36|   40|    0|
    +-----------------------------------------+-----------------------------------+---------+-------+------+-----+-----+
    |Total                                    |                                   |        0|      0|  2397|  660|    0|
    +-----------------------------------------+-----------------------------------+---------+-------+------+-----+-----+

    * DSP48E: 
    N/A

    * Memory: 
    N/A

    * FIFO: 
    N/A

    * Expression: 
    +-------------------------------------------------------+----------+-------+---+----+------------+------------+
    |                     Variable Name                     | Operation| DSP48E| FF| LUT| Bitwidth P0| Bitwidth P1|
    +-------------------------------------------------------+----------+-------+---+----+------------+------------+
    |grp_example_stream_plus1_32_256_s_fu_38_axis00_TREADY  |    and   |      0|  0|   2|           1|           1|
    +-------------------------------------------------------+----------+-------+---+----+------------+------------+
    |Total                                                  |          |      0|  0|   2|           1|           1|
    +-------------------------------------------------------+----------+-------+---+----+------------+------------+

    * Multiplexer: 
    +-------------------+----+-----------+-----+-----------+
    |        Name       | LUT| Input Size| Bits| Total Bits|
    +-------------------+----+-----------+-----+-----------+
    |ap_NS_fsm          |  27|          5|    1|          5|
    |axis01_TREADY_int  |   9|          2|    1|          2|
    +-------------------+----+-----------+-----+-----------+
    |Total              |  36|          7|    2|          7|
    +-------------------+----+-----------+-----+-----------+

    * Register: 
    +------------------------------------------------------+---+----+-----+-----------+
    |                         Name                         | FF| LUT| Bits| Const Bits|
    +------------------------------------------------------+---+----+-----+-----------+
    |ap_CS_fsm                                             |  4|   0|    4|          0|
    |ap_rst_n_inv                                          |  1|   0|    1|          0|
    |ap_rst_reg_1                                          |  1|   0|    1|          0|
    |ap_rst_reg_2                                          |  1|   0|    1|          0|
    |grp_example_stream_plus1_32_256_s_fu_38_ap_start_reg  |  1|   0|    1|          0|
    +------------------------------------------------------+---+----+-----+-----------+
    |Total                                                 |  8|   0|    8|          0|
    +------------------------------------------------------+---+----+-----+-----------+



================================================================
== Interface
================================================================
* Summary: 
+-----------------------+-----+-----+--------------+---------------------+--------------+
|       RTL Ports       | Dir | Bits|   Protocol   |    Source Object    |    C Type    |
+-----------------------+-----+-----+--------------+---------------------+--------------+
|s_axi_control_AWVALID  |  in |    1|     s_axi    |       control       |  return void |
|s_axi_control_AWREADY  | out |    1|     s_axi    |       control       |  return void |
|s_axi_control_AWADDR   |  in |    4|     s_axi    |       control       |  return void |
|s_axi_control_WVALID   |  in |    1|     s_axi    |       control       |  return void |
|s_axi_control_WREADY   | out |    1|     s_axi    |       control       |  return void |
|s_axi_control_WDATA    |  in |   32|     s_axi    |       control       |  return void |
|s_axi_control_WSTRB    |  in |    4|     s_axi    |       control       |  return void |
|s_axi_control_ARVALID  |  in |    1|     s_axi    |       control       |  return void |
|s_axi_control_ARREADY  | out |    1|     s_axi    |       control       |  return void |
|s_axi_control_ARADDR   |  in |    4|     s_axi    |       control       |  return void |
|s_axi_control_RVALID   | out |    1|     s_axi    |       control       |  return void |
|s_axi_control_RREADY   |  in |    1|     s_axi    |       control       |  return void |
|s_axi_control_RDATA    | out |   32|     s_axi    |       control       |  return void |
|s_axi_control_RRESP    | out |    2|     s_axi    |       control       |  return void |
|s_axi_control_BVALID   | out |    1|     s_axi    |       control       |  return void |
|s_axi_control_BREADY   |  in |    1|     s_axi    |       control       |  return void |
|s_axi_control_BRESP    | out |    2|     s_axi    |       control       |  return void |
|ap_clk                 |  in |    1| ap_ctrl_none | finn_rtl_krnl_final | return value |
|ap_rst_n               |  in |    1| ap_ctrl_none | finn_rtl_krnl_final | return value |
|axis00_TDATA           | out |  256|     axis     |   axis00_V_data_V   |    pointer   |
|axis00_TVALID          | out |    1|     axis     |   axis00_V_last_V   |    pointer   |
|axis00_TREADY          |  in |    1|     axis     |   axis00_V_last_V   |    pointer   |
|axis00_TLAST           | out |    1|     axis     |   axis00_V_last_V   |    pointer   |
|axis00_TKEEP           | out |   32|     axis     |   axis00_V_keep_V   |    pointer   |
|axis01_TDATA           |  in |   32|     axis     |   axis01_V_data_V   |    pointer   |
|axis01_TVALID          |  in |    1|     axis     |   axis01_V_last_V   |    pointer   |
|axis01_TREADY          | out |    1|     axis     |   axis01_V_last_V   |    pointer   |
|axis01_TLAST           |  in |    1|     axis     |   axis01_V_last_V   |    pointer   |
|axis01_TKEEP           |  in |    4|     axis     |   axis01_V_keep_V   |    pointer   |
+-----------------------+-----+-----+--------------+---------------------+--------------+

